MO counter12 NULL top.v vlg37/counter12.bin 1556924383
MO ringoscillator NULL ringoscillator.v vlg04/ringoscillator.bin 1556924383
MO ICON NULL ipcore_dir/ICON.v vlg09/_i_c_o_n.bin 1556924383
MO VIO NULL ipcore_dir/VIO.v vlg22/_v_i_o.bin 1556924383
MO ro NULL top.v vlg29/ro.bin 1556924383
MO ILA NULL ipcore_dir/ILA.v vlg5E/_i_l_a.bin 1556924383
MO mux16_1 NULL top.v vlg45/mux16__1.bin 1556924383
